EggHelm
SpikedKnuckles
ClothRobe
MageRobe
Haubergeon
DarksteelGloves
DarksteelBoots
DarksteelHose
DarksteelHelmet
DarksteelMail
TengokuMail
WarlockChapeau+1
WarlockChapeau+2
WarlockTabard+1
WarlockTabard+2
WarlockGloves+1
WarlockGloves+2
WarlockTights+1
WarlockTights+2
WarlockBoots+1
WarlockBoots+2
EstoqueurChappel+1
EstoqueurChappel+2
EstoqueurSayon+1
EstoqueurSayon+2
EstoqueurFuseau+1
EstoqueurFuseau+2
EstoqueurHouseaux+1
EstoqueurHouseaux+2
EstoqueurGantherots+1
EstoqueurGantherots+2
UnkaiKabuto+1
UnkaiKabuto+2
UnkaiDomaru+1
UnkaiDomaru+2
UnkaiKote+1
UnkaiKote+2
UnkaiHaidate+1
UnkaiHaidate+2
UnkaiSune-Ate+1
UnkaiSune-Ate+2
TantraCrown+1
TantraCrown+2
WizardPetasos+1
WizardPetasos+2
HealerCap+1
HealerCap+2
ScoutBeret+1
ScoutBeret+2
SummonerHorn+1
SummonerHorn+2
CreedArmet+1
CreedArmet+2
TantraCyclas+1
TantraCyclas+2
WizardCoat+1
WizardCoat+2
HealerBriault+1
HealerBriault+2
ScoutJerkin+1
ScoutJerkin+2
SummonerDoublet+1
SummonerDoublet+2
CreedCuirass+1
CreedCuirass+2
TantraHose+1
TantraHose+2
WizardTonban+1
WizardTonban+2
HealerPantaloons+1
HealerPantaloons+2
ScoutBraccae+1
ScoutBraccae+2
SummonerSpats+1
SummonerSpats+2
CreedCuisses+1
CreedCuisses+2
TantraGaiters+1
TantraGaiters+2
WizardSabots+1
WizardSabots+2
HealerDuckbills+1
HealerDuckbills+2
ScoutBoots+1
ScoutBoots+2
SummonerPigaches+1
SummonerPigaches+2
CreedSabatons+1
CreedSabatons+2
TantraGloves+1
TantraGloves+2
WizardGloves+1
WizardGloves+2
HealerMitts+1
HealerMitts+2
ScoutBracers+1
ScoutBracers+2
SummonerBracers+1
SummonerBracers+2
CreedGauntlets+1
CreedGauntlets+2
AtlantianMail
AtlantianRobe