TitaniteShard
TitaniteChunk
BlueKinstone
GreenKinstone
Senzu
SuperPotion
MegaPotion
Bruce'sJuice
CandyCane
TradingCard-006
BanishingCharm
RottingOrb
NewsOrb
TradingCard-001
TimeOrb
JungleOrb
GemOfTheNorth
GemOfTheEast
Milk
CandyCorn
PumpkinPie
Trash
Friendship-Ring
Death'sBreath
MimicCore
QuadavShell
Seed
DekuSeed
SmallEgg
HardBoiledEgg
Ink
Paper
AshLog
Hatchet
IronOre
GoldOre
GoldIngot
SilverOre
DarksteelOre
Ectoplasm
EtherealChain
BrokenLance
SilverChain
FireGem
IceStone
WindRock
WaterJewel
EarthSphere
JungleThorn
TradingCard-002
JungleRose
GemOfTheSouth
PhoenixDown
GemOfTheWest
Glass
KindredSeal
KindredCrest
HighKindredCrest
Cloth
RepairHammer
TigerFang
Sand
AncientBeastcoin
CardinalCloth
Kurogane
Milk
BlueKinstone
GreenKinstone
Herring
TurkeyLeg
CaptainCrunchy
GibdoBandage
RedeadAsh
Rose
KogaShuriken
Tulip
BeetleShell
BeetleJaw
GremlinSkin
DragonFang
Angon
TradingCard-003
C4
Flash_Grenade
Dark-Matter
PoisonPotion
Shuriken
TradingCard-004
FumaShuriken
DragonEgg
Love_Potion
Eggnog
BagOfCandy
Witch'sBrew
DragonScale
BronzeVoucher
TradingCard-005
LifeShard
ArcaneDust
ReusablePart
ForgottenSoul
BronzeBoosterSet
Thief'sMap