TitaniteShard
TitaniteChunk
BlueKinstone
GreenKinstone
Senzu
SuperPotion
MegaPotion
Bruce'sJuice
CandyCane
BanishingCharm
RottingOrb
NewsOrb
TimeOrb
JungleOrb
GemOfTheNorth
GemOfTheEast
Milk
CandyCorn
PumpkinPie
Trash
Death'sBreath
MimicCore
QuadavShell
Seed
DekuSeed
SmallEgg
HardBoiledEgg
Ink
Paper
AshLog
Hatchet
IronOre
GoldOre
GoldIngot
SilverOre
DarksteelOre
Ectoplasm
EtherealChain
BrokenLance
SilverChain
FireGem
IceStone
WindRock
WaterJewel
EarthSphere
JungleThorn
JungleRose
GemOfTheSouth
PhoenixDown
GemOfTheWest
Glass
KindredSeal
KindredCrest
HighKindredCrest
Cloth
RepairHammer
TigerFang
Sand
AncientBeastcoin
CardinalCloth
Kurogane
Milk
BlueKinstone
GreenKinstone
Herring
TurkeyLeg
CaptainCrunchy
GibdoBandage
RedeadAsh
Rose
KogaShuriken
Tulip
BeetleShell
BeetleJaw
GremlinSkin
DragonFang
Angon
SauceAmpulla
DunceCap
Coffee
RottingMeat
C4
Flash_Grenade
Dark-Matter
PoisonPotion
Shuriken
FumaShuriken
DragonEgg
Love_Potion
Eggnog
BagOfCandy
Witch'sBrew
DragonScale
BronzeVoucher
LifeShard
ArcaneDust
ReusablePart
ForgottenSoul