Adrolth
Amarth
Aminth
Amrinth
Andrioth
Aralth
Astroth
Azorth
Baliarth
Bassilth
Bayorth
Bazzalth 
Bedelth
Benarth
Bessonth
Bevurth
Birroth
Blutkralle
Bredolth
Brynioth
Cabarath
Cadath
Cadlirth
Cadreinth
Caevorth
Caldith
Caldrath
Calinth
Callurth
Calnulth
Camath
Camioth
Camroth
Canrulth
Carbelth
Carinth
Carith
Carolth
Cartelth
Catrianth
Cavdreinth
Caydranth
Cayeth
Cebeth
Cebuth
Ceddoth
Cedefeth
Cegronth
Celgioth
Celinth
Celmonth
Celnioth
Celpoth
Celreth
Cemanth
Cemath
Cemgeth
Cemtalth
Cennuth
Cenolth
Cenrinth
Ceorith
Cerioth
Cerlarth
Ceyelth 
Daganth
Dagith
Dagovanth
Dalabeth
Dalbinth
Dalganth
Dallarth
Damaventh
Damenath
Dammath
Danerth
Darilth
Darlath
Darmith
Dasanth
Dasfirth
Davluth
Davrianth
Dayanith
Dazenth
Delnath
Delweth
Deneth
Dennenth
Derolth
Desenith
Destirth
Deventh
Devpenth
Diranith
Dirdanth
Edolth
Eisenzahn
Elforth
Elgath
Elriolth
Embinth
Emelth
Erelth
Ereneth
Ereveth
Ergieth
Eronth
Esanth
Estenth
Eveth
Evriolth
Faleth
Falmenth
Falringth
Falseth
Famorinth
Faylanth
Fayrenth
Felirth
Felrolth
Fementh
Fendranth
Fenelarth
Feranth
Ferreth
Feyarath
Feydrenth
Galanth
Galdreth
Galnorth
Galvoth
Garalinth
Garnenth
Gassalth
Gemoth
Gemruth
Genamith
Genevarth
Genioth
Gerlorth
Gerronth
Gevarenth
Gifirth
Habrenth
Haderenth
Hadrolth
Handolth
Hanonth
Hanserth
Haroth
Hedeth
Hedinth
Heleth
Helith
Helsalth
Heralth
Herinth
Idanarth
Ideranth
Igoth
Ilseth
Ilsith
Imelinth
Inilth
Inioth
Innioth
Inzirth
Jaevith
Jalgith
Jalmalth
Janserth
Jaseth
Jayilith
Jaymilth
Jayolth
Jedilth
Jedrulth
Jemdralth
Jemdrenth
Jemduth
Jemunth
Jenanth
Jendrianth
Jenluth
Julloth
Jumoth
Junalenth
Junilinth
Junnulth
Kaddanth
Kaddreth
Kadfeth
Kadminth
Kalabenth
Kalamenth
Kaleth
Kalinth
Kalpath
Kalurth
Kamevorth
Kamineth
Kamirth
Kamivorth
Kammith
Kandoth
Kanoth
Kanzorth
Karavanth
Kardrenth
Karelith
Karsylth
Karvarth
Kasfienth
Kasteth
Katanth
Kattalth
Kavebeth
Kaverith
Kayelinth
Kazoth
Kedarth
Keddrioth
Kedelath
Kedgelth
Kegorth
Kelarth
Kelavanth
Loganth
Londirth
Lonnenth
Lordrath
Lozonth
Luoreth
Lurelth
Lurgoith
Lurpoth
Lusarth
Lusolth
Lyrroth
Lytath
Lyth
Lalerth
Lalioth
Laltuth
Lamath
Lamenth
Lamirth
Lannaith
Laollth
Largelth
Larniath
Laselth
Latenth
Latrilth
Lautoth
Ledenth
Legoth
Lemmanth
Leneth
Lennalth
Lenselth
Leyrith
Leyterth
Lidanth
Lilorth
Lingarth
Linlith
Liorenth
Lisonth
Lissoth
Livalth
Manmorth
Maramenth
Marganth
Masideth
Masunth
Mateth
Matrinth
Mattiorth
Mattolth
Mavonth
Mayibeth
Maylanth
Maytunth
Mazulth
Mearyth
Medalth
Medolth
Medreth
Medryth
Mekarth
Melrath
Meltorth
Melwalth
Menlanth
Merlieth
Mersorth
Mersoth
Mesanth
Mesarth
Meseth
Mesianth
Messenth
Meydrath
Meynith
Miath
Milanath
Milenth
Milfianth
Milorth
Milronth
Miorath
Miorith
Morelth
Morenth
Morsonth
Moryenth
Nalteth
Naramenth
Narebenth
Narebeth
Narelth
Narolth
Narvanth
Nasith
Nassarth
Nataventh
Nattalth
Navith
Nayarth
Naysath
Neith
Nelarth
Nerroth
Nertorth
Nesenth
Nessonth
Nevalth
Nevith
Nilanth
Ninarth
Nirilinth
Niruth
Nobinth
Odileth
Oelanth
Oklirth
Olserth
Olvorth
Omenith
Oparath
Opirth
Pillirth
Pilranth
Pimbilth
Pindanth
Pinnath
Pinrolth
Pirdalth
Pirmonth
Pizarth
Polgarth
Polirth
Polrinth
Porath
Porrelth
Penterth
Penvanth
Perenth
Permelth
Perrath
Pesdrenth
Pesemath
Peslarth
Pesirith
Pesorth
Pilith
Quabelth
Quebilth
Quedath
Queinth
Quemath
Quenth
Queovarth
Quezeth
Quianeth
Quidelth
Quidrilth
Quimurth
Quinarth
Quisonth
Quisoth
Quoloth
Rabanth
Rabenth
Raetenth
Ralarth
Ralgenth
Rallinth
Ralwirth
Ralwrith
Ramdrolth
Randith
Randoth
Ranmoth
Rantorth
Rhototh
Riasalth
Riatirth
Riazith
Rilbeth
Rilenath
Rilterth
Rinbenth
Rinnenth
Rinoth
Rinth
Risrilth
Ryltorth
Ryluth
Sabanth
Sabinth
Saideth
Salanth
Salleath
Salvoth
Sanventh
Saorith
Saygath
Sayruth
Seberath
Seddrinth
Sedelith
Sedieth
Sorevorth
Sormirth
Sorrilth
Sorth
Sorventh
Sotith
Stamath
Stefenth
Stevarth
Stolith
Sudreth
Sullath
Sunnulth
Suorinth
Surenath
Tabaranth
Tacanth
Taenth
Taevarth
Tagwooth
Talath
Talbath
Taloth
Talsarth
Talurth
Talvath
Talzerth
Tamenth
Tamolth
Tanarith
Tanbilth
Tandinth
Tanelth
Tangorth
Tanrulth
Tenleth
Tenoth
Teorth
Teovanth
Tesarilth
Tesbelth
Teskioth
Tesselth
Tessith
Teyaventh
Teynenth
Teyselth
Tezeth
Tezoth
Tezurth
Thaelirth
Thanalth
Thizeth
Thogith
Tidemarth
Tideralth
Tidmith
Tidoventh
Tonnenth
Tonrinth
Torloth
Tozanth
Traemeth
Trazerth
Tremalth
Trenelth
Triponth
Triventh
Tuelonth
Tuesirth
Tugeth
Tulerth
Tunorth
Tunulth
Turdrelth
Tyemarth
Tyidith
Tylith
Tylnorth
Tyluth
Tylvarth
Tyranarth
Tyrath
Vadath
Vadrioth
Vaganth
Valrinth
Valmanth
Valth
Vanganth
Vanioth
Vattath
Vazeth
Veldreth
Velgarth
Vellath
Velrinth
Veltelth
Vembirth
Verath
Verdarth
Verdranth
Verdrianth
Verioth
Vesatith
Vosalth
Vudrarth
Walinth
Waslath
Wedselth
Wegenth
Weroth
Werralth
Wevanth
Wilaneth
Wilineth
Wirath
Wobalth
Wolgiath
Wolinith
Wolith
Wolvanth
Wonenth
Wonlenth
Xanenth
Xaneth
Xeddelth
Xednanth
Xelenth
Xelth
Yalanth
Yalmenth
Yalveth
Yamoth
Yanilth
Yardelth
Yardrilth
Yaserth
Yasonth
Yemiorth
Yenriath
Yerebenth
Yersilth
Yervarth
Yesalarth
Yesralth
Yiddrenth
Yidlarth
Yontoth
Yorinth
Yornorth
Yosamirth
Yostelth
Yuerenth
Yurdeth
Zafoth
Zaidith
Zalenith
Zallith
Zameth
Zanirth
Zaolth
Zavioth
Zedrith
Zeeveth
Zelgith
Zenerth
Zenyeth
Zerelth
Zerrionth
Zifenth
Zinnath
Zinsath
Zirveth
Zoralth