RottingOrb.300
NewsOrb.200
GemOfTheNorth.300
GemOfTheEast.300
GemOfTheSouth.300
GemOfTheWest.300
GodSeal.500
LachesisOrb.500
CrimsonTraverserStone.500
OldOrcSword.500
TavnaziaPass.500
YagudoDrink.500
SpheroidPlate.500
AvatarBlood.500
OldOrcBow.500
GoddessOrb.1000
MegaPotion.100
Bruce'sJuice.200
IgnitionStar.350
Treasure-Ring.650
Engine-Ring.650
Present.400
TurkeyLeg.100
BloodyHeart.150
RottingMeat.150
BloodScroll.200
BurntScroll.200
TreasureMap.200
Pizza.100
PotRoast.100
Ramen.100
Cavier.100
BisonDollar.100
DragonMeat.100
SuperMushroom.100
FireDragonWine.100
Ambrosia.200
FoieGras.100
KnowledgeSource.100
SoulPainting.100
FishAndChips.100
Slurm.150
CerberusMeat.100
SilverApple.150
DefenseSource.100
PowerSource.100
Herring.100
Wizard's-Amulet.650
Blessed-Ankh.650
Blood-Ring.650
Blood-Pendant.650
Blood-Crown.650
Purple-Belt.650
Brown-Belt.650
Black-Belt.650
Red-Belt.650
Miser-Ring.650
Thief-Ring.650
Fool's-Tablet.650
Ribbon.650
Aztec-Goldcoin.650
Lucky-Rabbit'sFoot.650
VIP-MemberCard.650
Spear-Pin.650
Mugger's-Belt.650
Prism-Specs.650
4leaf-clover.650
Roshi's-Glasses.700
WereMeat.600
AlphaWereMeat.1000
Rum.800
Wizard's-Ankh.1500
SilverDiscountCard.1000