AlliedTrainingPaper
WormFood
DemonBell
BombShard
ArmosMedallian
BookOfMudora
HeraKey
VirilityCan
IgnisFatuus
BanishingCharm
RottingOrb
NewsOrb
TimeOrb
JungleOrb
GemOfTheNorth
GemOfTheEast
GemOfTheSouth
GemOfTheWest
GodSeal
HyruleOrb
LachesisOrb
CrimsonTraverserStone
OldOrcSword
TavnaziaPass
EvilGuitar
YagudoDrink
SpheroidPlate
AvatarBlood
OldOrcBow
GoddessOrb
AtlantianCrystal
SuspiciousLookingEye
CorruptWormFood
BloodySpine
DungeonMap
MechanicalEye
MechanicalWorm
MechanicalSkull
Plantera'sBulb
LihzahrdPowerCell
TruffleWorm
MillennialFairPass
UnknownPowerSource
EnergyElements
SmelterDemonSoul
OldKingSoul
StrangeMask
Gunbai
StrangeCrystal
BowlOfEmbers
FortunaCrest
AntiDollCharm
ShadowDemonBell
ShadowGodSeal
ShadowAtlantianCrystal
ShinraKeycard
TormentOrb1
TormentOrb2
TormentOrb3
TormentOrb4
TormentOrb5
TormentOrb6
TormentOrb7
TormentOrb8
TormentOrb9
TormentOrb10
TormentOrb11
TormentOrb12
TormentOrb13
TormentOrb14
TormentOrb15
TormentOrb20
TormentOrb25
TormentOrb30
TormentOrb35
TormentOrb40
TormentOrb50
TormentOrb60
TormentOrb70
TormentOrb80
TormentOrb90
TormentOrb100
AnguishOrb
MiseryOrb
ObsoleteOrb
DecayedOrb
BarrierOrb
CosmicOrb