CharacterResetPotion
Blueprints:X-Buster
Blueprints:SilverSword
Blueprints:Genbu'sShield
Blueprints:Xiutleato
Blueprints:HomesteadBow
Blueprints:Ichimonji-Yofusa
Blueprints:Upukirex
Blueprints:Xbalanque
Blueprints:Macbain
Blueprints:Lightreaver
Blueprints:Kerehcatl
Blueprints:Vanir_Knife
Blueprints:Vajra
Blueprints:Oatixur
Blueprints:Uffrat
Blueprints:Aedold
Blueprints:VanirRifle
Blueprints:SamuraiEdge
Blueprints:Valmanway+1
Blueprints:Excalibur+1
Blueprints:Glyphs+1
Blueprints:Aegis
Blueprints:Ochain
Blueprints:Z-Sword+1
Blueprints:Kannagi
Blueprints:Kikoku
Blueprints:TacticalShotgun
Blueprints:TacticalPistol
Blueprints:CompoundBow
Blueprints:Thunderclap
Blueprints:Mastermune
Blueprints:Spharai+1
Blueprints:Apocalypse+1
Blueprints:Ragnarok+1
Blueprints:Laevatein+1
Blueprints:BahamutsStaff+1
Blueprints:SamuraiEdge-I
Blueprints:SamuraiEdge-F
Blueprints:SamuraiEdge-E
Blueprints:SamuraiEdge-M
Blueprints:Vampire_Killer+1
Blueprints:DemonWhip+1
Blueprints:Ryunohige+1
Blueprints:CompoundBow+1
Blueprints:Bravura+1
Blueprints:Guttler+1
Blueprints:Mandau+1
Blueprints:Kikoku+1
Blueprints:Kannagi+1
Blueprints:Daedalus+1
Blueprints:Seveneyes
Blueprints:Yamato+1
Blueprints:TrueMasterSword
Blueprints:SilverSword+1
Blueprints:RakshasaGreatBow
Blueprints:Lionheart
Blueprints:Krishna
Hero'sWorth
Jedi'sTreasure
MasterSwordMap
Songsheet:Knight'sMinne
Songsheet:Army'sPaeon
Songsheet:FoeLullaby
Songsheet:ToxicMelody
Songsheet:SongOfPeace
Songsheet:Swiftsong
AncientMystery:SwiftCast
AncientMystery:DoubleCast
AncientMystery:Invigorate
AncientMystery:ThrillOfBattle
AncientMystery:Duality
AncientMystery:ThinAir
AncientMystery:QuickPockets
AncientMystery:Tensai
AncientMystery:LucidDreaming
AncientMystery:SoftBlows
AncientMystery:Ricochet
TitaniteShard
TitaniteChunk
LargeTitaniteChunk
TitaniteSlab
LargeTitaniteSlab
StrangeTitaniteSlab
ExtremeTitaniteSlab
CodexOfPoetics
CodexOfLore
CodexOfScripture
CodexOfVerity
CodexOfCreation
CodexOfTheHoradric
CodexOfMythology