E-Tank
MetalScrap
E-TankA
E-TankB
E-TankT
E-TankZ
FrameRepairA
FrameRepairB
FrameRepairE
FrameRepairZ
Trash
SmallCarrot
PoringGoop
MimicCore
QuadavShell
AntlionMandible
CutlassHandle
Seed
DekuSeed
SmallEgg
HardBoiledEgg
IronBowl
Ink
Paper
AshLog
Hatchet
IronOre
GoldOre
GoldIngot
SilverOre
DarksteelOre
Ectoplasm
EtherealChain
BrokenLance
BrokenShield
SilverChain
FireGem
IceStone
WindRock
WaterJewel
EarthSphere
JungleThorn
JungleRose
Glass
Cloth
RepairHammer
TigerFang
Sand
AncientBeastcoin
CardinalCloth
Kurogane
DiabolicSilk
Mythril
DarkOrichalcumIngot
AtlantianThreadSpool
ShadowSpool
JewelOfArdor
StoneOfWieldance
JewelOfWieldance
CoinOfBalance
BenedictSilk
GlitteringYarn
ChameleonYarn
SnowyCerment
UtopianGoldThread
Demonite_Ore
Shadow_Scale
Crimtane_Ore
SoulOfSight
SoulOfMight
SoulOfFright
Chlorophyte_Ore
EyeOfTheGolem
Titanium_Ore
HeavyMetalPlate
UnkaiSeal
EstoqueurSeal
UnkaiArmorPiece
EstoqueurArmorPiece
SilverSwordParts
AdvancedFusionEngine
AlphaWeltallCore
SilverPointsCard
SilverSeal
DragonScale
IceMod
FireMod
ElectricMod
ExplosionMod
BronzeVoucher
SilverVoucher
GoldVoucher
AetherialFragment
ForbiddenFragment
OsirisFragment
Kan-raFragment
CultistFragment
Death'sBreath
LifeShard
ArcaneDust
ReusablePart
ForgottenSoul
Clom'sTale-01
Clom'sTale-02
Clom'sTale-03
Clom'sTale-04
Clom'sTale-05
Clom'sTale-06