BloodGoyle
Zombie
HealSlime
Snow_Giant
Nightmare_Vanguard
Undead_Ranger
Dark_Elemental
Dark_Knight
Cursed_Queen
BlueSlime
Volcano_Wasp
Ninja_Assassin
Fire_Elemental
Dragoon_Ghost
Yagudo_Oracle
Orcish_Impaler
Undead_Dragoon
Light_Elemental
Ice_Elemental
Gremlin
Wooden_Puppet
Forest_Giant
Orcish_Neckchopper
Goblin_Shaman
Wyvern
Cursed_Bishop
Male_Vampire
FootballZombie
Goblin_Berserker
Blue_MedusaHead
RedSlime
Sabertooth_Tiger
RedeadKnight
Female_Vampire
Heraldic_Imp
Young_Mummy
Undead_BlackMage
Cursed_Pawn
Yagudo_Scribe
Copper_Beetle
Cyberman
Samurai_Ghost
Undead_Monk
Treant
Brook_Sahagin
Ruby_Quadav
Mammoth
Zombie
Snow_Lizard
Starman_Junior
Dalek
Goblin_Enchanter
Earth_Elemental
Maniac
Small_Werewolf
Air_Elemental
Nightmare_Hornet
Bone_Soldier
Roaming_Sapling
Undead_RedMage
Yagudo_Conductor
Cactuar
Snow_Wight
Coiled_Snake
ZombieChef
Stream_Sahagin
ZombieSalesman
Stag_Beetle
Cyclops_Guard
Creek_Sahagin
Thunder_Elemental
Water_Elemental
PoisonSlime
GreenSlime
Dark_Mummy
Gibdo
Undead_Samurai
Cursed_Rook
Undead_Corsair
Citadel_Bats
Bark_Spider
Pride_Demon
Undead_Knight