Baelfyr
Balrog
Brook_Sahagin
Butcher
Byrgen
Cactuar
Chaos_Idol
Chimyriad
Coiled_Snake
Creek_Sahagin
CrimsonZombie
Crimson_Slime
Cucco
CureSlime
Cursed_Mummy
Cursed_Pawn
Cursed_Queen
Cursed_Rook
Cyberman
Cyclops_Guard
Cyclops_Impaler
Cyclops_Warrior
Dalek
Dark_Knight
Decapiclops
Drachenlizard
Dragoon_Ghost
Ermit_Imp
Final_Starman
FootballZombie
Geyfyrst
Gibdo
Goblin_Berserker
Goblin_Enchanter
Goblin_Shaman
Gold_MedusaHead
Goliath_Beetle
Guardian_Treant
Hippogryph
Icefang_Tiger
Kindred_Knight
Kindred_Samurai
Kindred_Warrior
Kindred_Wizard
Lamia_Dancer
Lamia_Dartist
Lamia_Swordmaster
Magic_Pot
Magnes_Quadav
Mammoth
Maneating_Hornet
Maniac
Midnight_Slime
Mineral_Eater
Moblin
Moonfang
Nightmare_Hornet
Nightmare_Vanguard
Ninja_Assassin
Orcish_Gunshooter
Orcish_Impaler
Orcish_Predator
Orcish_Wyrmbrander
Oxocutioner
Pride_Demon
Reaver
RedeadKnight
Roaming_Sapling
Ruby_Quadav
Samurai_Ghost
Spectator
Stream_Sahagin
Stygian
Succubus
Treant_Sapling
Undead_BlackMage
Undead_Corsair
Undead_Dragoon
Undead_Knight
Undead_Monk
Undead_Ranger
Undead_RedMage
Undead_Samurai
Ungeweder
Unicorn
Veteran_Quadav