Kindred_Samurai
Undead_Knight
Lamia_Dartist
Cyberman
Small_Werewolf
Zu
Orcish_Predator
Nightmare_Hornet
Undead_BlackMage
Dark_Mummy
Dark_Knight
Wyvern
Orcish_Gunshooter
Cucco
Pride_Demon
Ungeweder
Lamia_Dancer
Gnole
Ruly_Imp
Stag_Beetle
Kindred_Wizard
Baelfyr
Undead_RedMage
Oxocutioner
ZombieRockStar
Stygian
Butcher
CrimsonZombie
Snow_Giant
Wooden_Puppet
Undead_Ranger
Dalek
Cyclops_Impaler
Dragoon_Ghost
Goblin_Shaman
Gibdo
FootballZombie
Mammoth
Ruby_Quadav
Balrog
Lamia_Swordmaster
Desert_Beetle
Creek_Sahagin
Cursed_Queen
Maniac
RedeadKnight
Ore_Eater
Kindred_Warrior
Geyfyrst
Scarab_Beetle
Stream_Sahagin
Samurai_Ghost
Cactuar
Mosquito
Brook_Sahagin
Gray_Werewolf
Yagudo_Prior
Snow_Wight
Rock_Eater
Reaver
Midnight_Slime
Spectator
BearShark
Gremlin
Nightmare_Vanguard
Maneating_Hornet
Revenant
Shopkeeper
Hippogryph
Undead_Monk
ZombieSalesman
Kindred_Knight
ZombieChef
Crimson_Slime
Yagudo_Summoner
Undead_Corsair
Roaming_Sapling
Goliath_Beetle
Undead_Dragoon
Emerald_Quadav
Goblin_Enchanter
Chimyriad
Coiled_Snake
Decapiclops
Cyclops_Warrior
Orcish_Impaler
Highland_Treant
Yagudo_Conductor
Silver_MedusaHead
Byrgen
BeeBear
Cursed_Mummy
Orcish_Neckchopper
Ugly_Knight
Cursed_Pawn
Orcish_Wyrmbrander
Succubus
Cyclops_Guard
Ermit_Imp
Drachenlizard
Cave_Tiger
Cursed_Rook
Yagudo_Herald
Goblin_Berserker