AntlionClaws.Ruby.AntlionMandible.DarksteelOre
Cutlass.Ruby.CutlassHandle.DarksteelOre
ProtonPack.Diamond.Ectoplasm.E-Tank.QuadavShell.FireGem
ShieldOfTheSavage.Diamond.BrokenShield.DarksteelOre
CodexOfTheHoradric.Diamond.Paper.Ink.LifeShard.ReusablePart.ForgottenSoul.ArcaneDust
TormentOrb1.Diamond.Death'sBreath.GoldKey
TormentOrb2.Diamond.Death'sBreath.GoldKey
TormentOrb3.Diamond.Death'sBreath.GoldKey
TormentOrb4.Diamond.Death'sBreath.GoldKey
TormentOrb5.Diamond.Death'sBreath.GoldKey
TormentOrb6.Diamond.Death'sBreath.GoldKey
TormentOrb7.Diamond.Death'sBreath.GoldKey
TormentOrb8.Diamond.Death'sBreath.GoldKey
TormentOrb9.Diamond.Death'sBreath.GoldKey
TormentOrb10.Diamond.Death'sBreath.GoldKey
TormentOrb11.Diamond.Death'sBreath.GoldKey
TormentOrb12.Diamond.Death'sBreath.GoldKey
TormentOrb13.Diamond.Death'sBreath.GoldKey
TormentOrb14.Diamond.Death'sBreath.GoldKey
TormentOrb15.Diamond.Death'sBreath.GoldKey
TormentOrb20.Diamond.Death'sBreath.GoldKey
TormentOrb25.Diamond.Death'sBreath.GoldKey
TormentOrb30.Diamond.Death'sBreath.GoldKey
TormentOrb35.Diamond.Death'sBreath.GoldKey
TormentOrb40.Diamond.Death'sBreath.GoldKey
TormentOrb50.Diamond.Death'sBreath.GoldKey
TormentOrb60.Diamond.Death'sBreath.GoldKey
TormentOrb70.Diamond.Death'sBreath.GoldKey
TormentOrb80.Diamond.Death'sBreath.GoldKey
TormentOrb90.Diamond.Death'sBreath.GoldKey
TormentOrb100.Diamond.Death'sBreath.GoldKey
AnguishOrb.Diamond.Death'sBreath.GoldKey
MiseryOrb.Diamond.Death'sBreath.GoldKey
CosmicOrb.Diamond.LifeShard.ArcaneDust.ForgottenSoul.ReusablePart
SuperPotion.Sapphire.Potion.X-Potion
Ether.Sapphire.Potion.DustyWing
MegaPotion.Sapphire.BloodyHeart.Potion
StrongThread.Topaz.SpiderWeb
Paper.Emerald.AshLog.Hatchet
SilverChain.Ruby.SilverOre
Glass.Ruby.Sand
OrbCrystal.Ruby.RedOrbs
WeaponCrystal.Onyx.BlackOrbs
GodSeal.Diamond.ByakkoSeal.GenbuSeal.SeiryuSeal.SuzuakuSeal
HyruleOrb.Diamond.PendantOfPower.PendantOfWisdom.PendantOfCourage
BowlOfEmbers.Diamond.IronBowl.LifeShard.ReusablePart.ForgottenSoul.ArcaneDust
FortunaCrest.Diamond.SacredKindredCrest.LifeShard.ReusablePart.ForgottenSoul.ArcaneDust
AntiDollCharm.Diamond.Paper.Ink.LifeShard.ReusablePart.ForgottenSoul.ArcaneDust
Shihei.Emerald.Ink.Paper
Dr'sMask.Emerald.Cloth.StrongThread
MirrorShard.Sapphire.Glass.Ectoplasm
JewelOfWieldance.Zircon.StoneOfWieldance
TeruTeruBozu=Emerald.BoxOfTissues.BenedictSilk.UtopianGoldThread
Hourglass-Necklace.Diamond.Ectoplasm.EtherealChain.Hour_Glass
Mugger's-Belt.Thief-Ring.Purple-Belt
Roshi's-Glasses+1.Diamond.Roshi's-Glasses
Wizard's-Amulet+1.Diamond.Wizard's-Amulet
Aetherial-Earrings+1.Diamond.Aetherial-Earrings
Cultist-Rosary+1.Diamond.Cultist-Rosary
Blood-Crown+1.Diamond.Blood-Crown
Forbidden-Earrings+1.Diamond.LifeShard.ReusablePart.ForgottenSoul.ArcaneDust.Clom'sTale-06.Forbidden-Earrings
Forbidden-Earrings+2.Diamond.LifeShard.ReusablePart.ForgottenSoul.ArcaneDust.Clom'sTale-06.Forbidden-Earrings+1
Forbidden-Crown+1.Diamond.LifeShard.ReusablePart.ForgottenSoul.ArcaneDust.Clom'sTale-06.Forbidden-Crown
Forbidden-Crown+2.Diamond.LifeShard.ReusablePart.ForgottenSoul.ArcaneDust.Clom'sTale-06.Forbidden-Crown+1
OniGauntlet+1.Diamond.OniGauntlet.OrbCrystal.Clom'sTale-06
OniGauntlet+2.Diamond.OniGauntlet+1.OrbCrystal.Clom'sTale-06
VIP-MemberCard.Diamond.DiscontCard.UltraDiscountCard.Paper
VIP-MemberCard+1.Diamond.LifeShard.ReusablePart.ForgottenSoul.ArcaneDust.Clom'sTale-06.VIP-MemberCard
Blood-Pendant.Diamond.Blood-Ring.SilverChain.Ectoplasm
Prism-Specs.Diamond.FireGem.WindRock.WaterJewel.IceStone.EarthSphere.Thunder_Orb.Holy_Water
Mimic-Ring.Diamond.MimicCore.Treasure-Ring
Jungle-Medallion.Diamond.GoldOre.JungleThorn.JungleRose
Angon.Ruby.IronOre.AshLog.BrokenLance
SauceAmpulla.Glass.WaterJewel.Slurm
FlyingDraught.Glass.WaterJewel.HippogryphFeather
DunceCap.Cloth.Ectoplasm
Dyanmite.Ruby.Red_Fang.Fire_Flower
HolyHandGrenade.Diamond.Holy_Water.Thunder_Orb.Dynamite
ElvishCrystal=Holy_Water.OrbCrystal.GoldIngot
BahamutZeroMateria=Red_Fang.OrbCrystal.GoldIngot
PurpleKey.Sapphire.BlueKey.Redkey
GoldKey.Topaz.GoldIngot.PurpleKey
SilverKey.Opal.SilverOre.RedKey
UnkaiArmorPiece.Diamond.HeavyMetalPlate.Titanium_Ore.SoulOfFright
EstoqueurArmorPiece.Ruby.EyeOfTheGolem.SoulOfMight.SoulOfSight.CardinalCloth
SilverSwordParts.Diamond.HeavyMetalPlate.Titanium_Ore.SoulOfSight.SoulOfMight.SoulOfFright.Crimtane_Ore
Mega_Stone-Prototype.Diamond.LifeShard.ReusablePart.ForgottenSoul.ArcaneDust.Vanadium
Blueprints:Genbu'sShield.Diamond.GenbuSeal.QuadavShell
Blueprints:SilverSword.Diamond.SilverSwordParts.Kurogane
Blueprints:Valmanway+1.Diamond.LifeShard.ReusablePart.ForgottenSoul.ArcaneDust
Blueprints:Excalibur+1.Diamond.LifeShard.ReusablePart.ForgottenSoul.ArcaneDust
Blueprints:Z-Sword+1.Diamond.LifeShard.ReusablePart.ForgottenSoul.ArcaneDust
Blueprints:Thunderclap.Ruby.LifeShard.ReusablePart.ForgottenSoul.ArcaneDust
Blueprints:Mastermune.Diamond.LifeShard.ReusablePart.ForgottenSoul.ArcaneDust
Blueprints:Spharai+1.Diamond.LifeShard.ReusablePart.ForgottenSoul.ArcaneDust
Blueprints:Apocalypse+1.Diamond.LifeShard.ReusablePart.ForgottenSoul.ArcaneDust
Blueprints:Ragnarok+1.Diamond.LifeShard.ReusablePart.ForgottenSoul.ArcaneDust
Blueprints:Laevatein+1.Diamond.LifeShard.ReusablePart.ForgottenSoul.ArcaneDust
Blueprints:BahamutsStaff+1.Diamond.LifeShard.ReusablePart.ForgottenSoul.ArcaneDust
Blueprints:SamuraiEdge-I.Ruby.Blueprints:SamuraiEdge.IceMod
Blueprints:SamuraiEdge-F.Ruby.Blueprints:SamuraiEdge.FireMod
Blueprints:SamuraiEdge-E.Ruby.Blueprints:SamuraiEdge.ElectricMod
Blueprints:SamuraiEdge-M.Ruby.Blueprints:SamuraiEdge.ExplosionMod
Blueprints:Vampire_Killer+1.Diamond.LifeShard.ReusablePart.ForgottenSoul.ArcaneDust
Blueprints:DemonWhip+1.Diamond.LifeShard.ReusablePart.ForgottenSoul.ArcaneDust
Blueprints:Ryunohige+1.Diamond.LifeShard.ReusablePart.ForgottenSoul.ArcaneDust
Blueprints:CompoundBow+1.Diamond.LifeShard.ReusablePart.ForgottenSoul.ArcaneDust
Blueprints:Bravura+1.Diamond.LifeShard.ReusablePart.ForgottenSoul.ArcaneDust
Blueprints:Guttler+1.Diamond.LifeShard.ReusablePart.ForgottenSoul.ArcaneDust
Blueprints:Mandau+1.Diamond.LifeShard.ReusablePart.ForgottenSoul.ArcaneDust
Blueprints:Kikoku+1.Diamond.LifeShard.ReusablePart.ForgottenSoul.ArcaneDust
Blueprints:Kannagi+1.Diamond.LifeShard.ReusablePart.ForgottenSoul.ArcaneDust
Blueprints:Daedalus+1.Diamond.LifeShard.ReusablePart.ForgottenSoul.ArcaneDust
Blueprints:Seveneyes.Diamond.LifeShard.ReusablePart.ForgottenSoul.ArcaneDust
Blueprints:Yamato+1.Onyx.LifeShard.ReusablePart.ForgottenSoul.ArcaneDust.Vanadium
Blueprints:TrueMasterSword.Diamond.LifeShard.ReusablePart.ForgottenSoul.ArcaneDust.Vanadium
Blueprints:SilverSword+1.Sapphire.LifeShard.ReusablePart.ForgottenSoul.ArcaneDust.Vanadium
Blueprints:RakshasaGreatBow.Diamond.LifeShard.ReusablePart.ForgottenSoul.ArcaneDust.ValorMedal
Blueprints:Lionheart.Diamond.LifeShard.ReusablePart.ForgottenSoul.ArcaneDust.WeaponCrystal
Blueprints:Krishna.Diamond.LifeShard.ReusablePart.ForgottenSoul.ArcaneDust.WeaponCrystal
Hero'sWorth.Diamond.LifeShard.ReusablePart.ForgottenSoul.ArcaneDust
Jedi'sTreasure.Diamond.LifeShard.ReusablePart.ForgottenSoul.ArcaneDust
Eggnog.Sapphire.SmallEgg.SpicedRum.Milk
EggHelm.Ruby.RustyHelmet.SmallEgg.HardBoiledEgg
ClothRobe.Topaz.TornRobe.Cloth
MageRobe.Topaz.ClothRobe.WindRock
Haubergeon.Ruby.DarksteelMail.IronOre.RepairHammer
DragonMail.Ruby.DarksteelMail.IronOre.Dragonscale
DarksteelMail.Ruby.DarksteelOre.RepairHammer.RustyMail
DarksteelHelmet.Ruby.DarksteelOre.RepairHammer.RustyHelmet
DarksteelHose.Ruby.DarksteelOre.RepairHammer.RustyHose
DarksteelBoots.Ruby.DarksteelOre.RepairHammer.RustyBoots
DarksteelGloves.Ruby.DarksteelOre.RepairHammer.RustyGloves
SpikedKnuckles.Ruby.IronOre.TigerFang.RepairHammer.RustyKnuckles
TengokuMail.Ruby.Genbu'sKabuto.Kirin'sOsode.Byakko'sHaidate.Suzaku'sSune-Ate.Seiryu'sKote.KirinSeal
WarlockChapeau+1.Ruby.AncientBeastcoin.CardinalCloth.WarlockChapeau
WarlockChapeau+2.Ruby.AncientBeastcoin.CardinalCloth.WarlockChapeau+1
WarlockTabard+1.Ruby.AncientBeastcoin.CardinalCloth.WarlockTabard
WarlockTabard+2.Ruby.AncientBeastcoin.CardinalCloth.WarlockTabard+1
WarlockGloves+1.Ruby.AncientBeastCoin.CardinalCloth.WarlockGloves
WarlockGloves+2.Ruby.AncientBeastCoin.CardinalCloth.WarlockGloves+1
WarlockTights+1.Ruby.AncientBeastcoin.CardinalCloth.WarlockTights
WarlockTights+2.Ruby.AncientBeastcoin.CardinalCloth.WarlockTights+1
WarlockBoots+1.Ruby.AncientBeastcoin.CardinalCloth.WarlockBoots
WarlockBoots+2.Ruby.AncientBeastcoin.CardinalCloth.WarlockBoots+1
EstoqueurChappel.Ruby.EstoqeurArmorPiece.EstoqueurSeal
EstoqueurSayon.Ruby.EstoqeurArmorPiece.EstoqueurSeal
EstoqueurFuseau.Ruby.EstoqeurArmorPiece.EstoqueurSeal
EstoqueurHouseaux.Ruby.EstoqeurArmorPiece.EstoqueurSeal
EstoqueurGantherots.Ruby.EstoqeurArmorPiece.EstoqueurSeal
EstoqueurChappel+1.Ruby.JewelOfArdor.JewelOfWieldance.EstoqueurChappel
EstoqueurChappel+2.Ruby.JewelOfArdor.JewelOfWieldance.EstoqueurChappel+1
EstoqueurSayon+1.Ruby.JewelOfArdor.JewelOfWieldance.EstoqueurSayon
EstoqueurSayon+2.Ruby.JewelOfArdor.JewelOfWieldance.EstoqueurSayon+1
EstoqueurFuseau+1.Ruby.JewelOfArdor.JewelOfWieldance.EstoqueurFuseau
EstoqueurFuseau+2.Ruby.JewelOfArdor.JewelOfWieldance.EstoqueurFuseau+1
EstoqueurHouseaux+1.Ruby.JewelOfArdor.JewelOfWieldance.EstoqueurHouseaux
EstoqueurHouseaux+2.Ruby.JewelOfArdor.JewelOfWieldance.EstoqueurHouseaux+1
EstoqueurGantherots+1.Ruby.JewelOfArdor.JewelOfWieldance.EstoqueurGantherots
EstoqueurGantherots+2.Ruby.JewelOfArdor.JewelOfWieldance.EstoqueurGantherots+1
UnkaiKabuto.Zircon.UnkaiArmorPiece.UnkaiSeal
UnkaiDomaru.Zircon.UnkaiArmorPiece.UnkaiSeal
UnkaiKote.Zircon.UnkaiArmorPiece.UnkaiSeal
UnkaiHaidate.Zircon.UnkaiArmorPiece.UnkaiSeal
UnkaiSune-Ate.Zircon.UnkaiArmorPiece.UnkaiSeal
UnkaiKabuto+1.Zircon.JewelOfArdor.JewelOfWieldance.UnkaiKabuto
UnkaiKabuto+2.Zircon.JewelOfArdor.JewelOfWieldance.UnkaiKabuto+1
UnkaiDomaru+1.Zircon.JewelOfArdor.JewelOfWieldance.UnkaiDomaru
UnkaiDomaru+2.Zircon.JewelOfArdor.JewelOfWieldance.UnkaiDomaru+1
UnkaiKote+1.Zircon.JewelOfArdor.JewelOfWieldance.UnkaiKote
UnkaiKote+2.Zircon.JewelOfArdor.JewelOfWieldance.UnkaiKote+1
UnkaiHaidate+1.Zircon.JewelOfArdor.JewelOfWieldance.UnkaiHaidate
UnkaiHaidate+2.Zircon.JewelOfArdor.JewelOfWieldance.UnkaiHaidate+1
UnkaiSune-Ate+1.Zircon.JewelOfArdor.JewelOfWieldance.UnkaiSune-Ate
UnkaiSune-Ate+2.Zircon.JewelOfArdor.JewelOfWieldance.UnkaiSune-Ate+1
CreedArmet+1.Diamond.SnowyCerment.CoinOfBalance.CreedArmet
CreedArmet+2.Diamond.SnowyCerment.CoinOfBalance.CreedArmet+1
CreedCuisses+1.Diamond.SnowyCerment.CoinOfBalance.CreedCuisses
CreedCuisses+2.Diamond.SnowyCerment.CoinOfBalance.CreedCuisses+2
CreedCuirass+1.Diamond.SnowyCerment.CoinOfBalance.CreedCuirass
CreedCuirass+2.Diamond.SnowyCerment.CoinOfBalance.CreedCuirass+1
CreedGauntlets+1.Diamond.SnowyCerment.CoinOfBalance.CreedGauntlets
CreedGauntlets+2.Diamond.SnowyCerment.CoinOfBalance.CreedGauntlets+1
CreedSabatons+1.Diamond.SnowyCerment.CoinOfBalance.CreedSabatons
CreedSabatons+2.Diamond.SnowyCerment.CoinOfBalance.CreedSabatons+1
TantraCrown+1.Topaz.UtopianGoldThread.CoinOfBalance.TantraCrown
TantraCrown+2.Topaz.UtopianGoldThread.CoinOfBalance.TantraCrown+1
TantraCyclas+1.Topaz.UtopianGoldThread.CoinOfBalance.TantraCyclas
TantraCyclas+2.Topaz.UtopianGoldThread.CoinOfBalance.TantraCyclas+1
TantraHose+1.Topaz.UtopianGoldThread.CoinOfBalance.TantraHose
TantraHose+2.Topaz.UtopianGoldThread.CoinOfBalance.TantraHose+2
TantraGaiters+1.Topaz.UtopianGoldThread.CoinOfBalance.TantraGaiters
TantraGaiters+2.Topaz.UtopianGoldThread.CoinOfBalance.TantraGaiters+2
TantraGloves+1.Topaz.UtopianGoldThread.CoinOfBalance.TantraGloves
TantraGloves+2.Topaz.UtopianGoldThread.CoinOfBalance.TantraGloves+1
WizardPetasos+1.Onyx.DiabolicSilk.CoinOfBalance.WizardPetasos
WizardPetasos+2.Onyx.DiabolicSilk.CoinOfBalance.WizardPetasos+1
WizardCoat+1.Onyx.DiabolicSilk.CoinOfBalance.WizardCoat
WizardCoat+2.Onyx.DiabolicSilk.CoinOfBalance.WizardCoat+1
WizardTonban+1.Onyx.DiabolicSilk.CoinOfBalance.WizardTonban
WizardTonban+2.Onyx.DiabolicSilk.CoinOfBalance.WizardTonban+1
WizardSabots+1.Onyx.DiabolicSilk.CoinOfBalance.WizardSabots
WizardSabots+2.Onyx.DiabolicSilk.CoinOfBalance.WizardSabots+1
WizardGloves+1.Onyx.DiabolicSilk.CoinOfBalance.WizardGloves
WizardGloves+2.Onyx.DiabolicSilk.CoinOfBalance.WizardGloves+1
ChaosBurgeonet+1.Onyx.DarkOrichalcumIngot.CoinOfBalance.ChaosBurgeonet
ChaosBurgeonet+2.Onyx.DarkOrichalcumIngot.CoinOfBalance.ChaosBurgeonet+1
ChaosCuirass+1.Onyx.DarkOrichalcumIngot.CoinOfBalance.ChaosCuirass
ChaosCuirass+2.Onyx.DarkOrichalcumIngot.CoinOfBalance.ChaosCuirass+1
ChaosGauntlets+1.Onyx.DarkOrichalcumIngot.CoinOfBalance.ChaosGauntlets
ChaosGauntlets+2.Onyx.DarkOrichalcumIngot.CoinOfBalance.ChaosGauntlets+1
ChaosFlanchard+1.Onyx.DarkOrichalcumIngot.CoinOfBalance.ChaosFlanchard
ChaosFlanchard+2.Onyx.DarkOrichalcumIngot.CoinOfBalance.ChaosFlanchard+1
ChaosSollerets+1.Onyx.DarkOrichalcumIngot.CoinOfBalance.ChaosSollerets
ChaosSollerets+2.Onyx.DarkOrichalcumIngot.CoinOfBalance.ChaosSollerets+1
HealerCap+1.Opal.BenedictSilk.CoinOfBalance.HealerCap
HealerCap+2.Opal.BenedictSilk.CoinOfBalance.HealerCap+1
HealerBriault+1.Opal.BenedictSilk.CoinOfBalance.HealerBriault
HealerBriault+2.Opal.BenedictSilk.CoinOfBalance.HealerBriault+1
HealerPantaloons+1.Opal.BenedictSilk.CoinOfBalance.HealerPantaloons
HealerPantaloons+2.Opal.BenedictSilk.CoinOfBalance.HealerPantaloons+1
HealerDuckbills+1.Opal.BenedictSilk.CoinOfBalance.HealerDuckbills
HealerDuckbills+2.Opal.BenedictSilk.CoinOfBalance.HealerDuckbills+1
HealerMitts+1.Opal.BenedictSilk.CoinOfBalance.HealerMitts
HealerMitts+2.Opal.BenedictSilk.CoinOfBalance.HealerMitts+1
ScoutBeret+1.Emerald.ChameleonYarn.CoinOfBalance.ScoutBeret
ScoutBeret+2.Emerald.ChameleonYarn.CoinOfBalance.ScoutBeret+1
ScoutJerkin+1.Emerald.ChameleonYarn.CoinOfBalance.ScoutJerkin
ScoutJerkin+2.Emerald.ChameleonYarn.CoinOfBalance.ScoutJerkin+1
ScoutBraccae+1.Emerald.ChameleonYarn.CoinOfBalance.ScoutBraccae
ScoutBraccae+2.Emerald.ChameleonYarn.CoinOfBalance.ScoutBraccae+1
ScoutBoots+1.Emerald.ChameleonYarn.CoinOfBalance.ScoutBoots
ScoutBoots+2.Emerald.ChameleonYarn.CoinOfBalance.ScoutBoots+1
ScoutBracers+1.Emerald.ChameleonYarn.CoinOfBalance.ScoutBracers
ScoutBracers+2.Emerald.ChameleonYarn.CoinOfBalance.ScoutBracers+1
SummonerHorn+1.Sapphire.GlitteringYarn.CoinOfBalance.SummonerHorn
SummonerHorn+2.Sapphire.GlitteringYarn.CoinOfBalance.SummonerHorn+1
SummonerDoublet+1.Sapphire.GlitteringYarn.CoinOfBalance.SummonerDoublet
SummonerDoublet+2.Sapphire.GlitteringYarn.CoinOfBalance.SummonerDoublet+1
SummonerSpats+1.Sapphire.GlitteringYarn.CoinOfBalance.SummonerSpats
SummonerSpats+2.Sapphire.GlitteringYarn.CoinOfBalance.SummonerSpats+1
SummonerPigaches+1.Sapphire.GlitteringYarn.CoinOfBalance.SummonerPigaches
SummonerPigaches+2.Sapphire.GlitteringYarn.CoinOfBalance.SummonerPigaches+1
SummonerBracers+1.Sapphire.GlitteringYarn.CoinOfBalance.SummonerBracers
SummonerBracers+2.Sapphire.GlitteringYarn.CoinOfBalance.SummonerBracers+1
AtlantianRobe.Diamond.AtlantianThreadSpool.JewelOfArdor.JewelOfWieldance.EstoqueurSayon+2
AtlantianRobe+1.Diamond.AtlantianThreadSpool.ShadowSpool.JewelOfArdor.JewelOfWieldance.AtlantianRobe
AtlantianMail.Diamond.AtlantianThreadSpool.JewelOfArdor.JewelOfWieldance.UnkaiDomaru+2
AtlantianMail+1.Diamond.AtlatnianThreadSpool.ShadowSpool.JewelOfArdor.JewelOfWieldance.AtlantianMail
ShadowHelmet.Onyx.Demonite_Ore.Shadow_Scale
ShadowScalemail.Onyx.Demonite_Ore.Shadow_Scale
ShadowCuisses.Onyx.Demonite_Ore.Shadow_Scale
ShadowGreaves.Onyx.Demonite_Ore.Shadow_Scale
ShadowGauntlets.Onyx.Demonite_Ore.Shadow_Scale
SilverSeal.Diamond.SilverPointsCard.KindredCrest
UnknownPowerSource.Diamond.SilverSeal.SoulofSight.SoulofMight.SoulofFright
Vlar.Ruby.AdvancedFusionEngine.SoulOfMight
Magna.Ruby.AdvancedFusionEngine.Vlar.SoulOfMight
Omni.Ruby.AdvancedFusionEngine.Vlar.Magna.SoulOfMight.AlphaWeltallCore
Leenex.Ruby.AdvancedFusionEngine.Omni.SoulOfMight
LargeTitaniteSlab.Onyx.TitaniteSlab
ExtremeTitaniteSlab.Onyx.ArcaneDust.Lifeshard
Hero'sMedal.Diamond.LifeShard.ReusablePart.ForgottenSoul.ArcaneDust
Cultist-Rosary.Diamond.CultistFragment
Aetherial-Earrings.Diamond.AetherialFragment
Aetherial-Ring.Onyx.AetherialFragment
Forbidden-Ring.Topaz.ForbiddenFragment
Forbidden-Earrings.Onyx.ForbiddenFragment
Forbidden-Crown.Diamond.ForbiddenFragment
Osiris-Charm.Diamond.OsirisFragment.Kan-raFragment
Kan-ra-Charm.Diamond.OsirisFragment.Kan-raFragment
OsirisFragment.Zircon.Kan-RaFragment
Valor-Ring.Diamond.LifeShard.ReusablePart.ForgottenSoul.ArcaneDust.ValorMedal
Blueprints:Aegis.Diamond.LifeShard.ReusablePart.ForgottenSoul.ArcaneDust
Blueprints:Ochain.Diamond.LifeShard.ReusablePart.ForgottenSoul.ArcaneDust
Blueprints:Glyphs+1.Onyx.LifeShard.ReusablePart.ForgottenSoul.ArcaneDust
ValorCoronet.Ruby.LifeShard.ReusablePart.ForgottenSoul.ArcaneDust
KasugaKabuto.Ruby.LifeShard.ReusablePart.ForgottenSoul.ArcaneDust
HattoriZukin.Ruby.LifeShard.ReusablePart.ForgottenSoul.ArcaneDust
ArchmagePetasos.Ruby.LifeShard.ReusablePart.ForgottenSoul.ArcaneDust
AnkusaHelm.Ruby.LifeShard.ReusablePart.ForgottenSoul.ArcaneDust
ValorSurcoat.Ruby.LifeShard.ReusablePart.ForgottenSoul.ArcaneDust
KasugaDomaru.Ruby.LifeShard.ReusablePart.ForgottenSoul.ArcaneDust
HattoriNingi.Ruby.LifeShard.ReusablePart.ForgottenSoul.ArcaneDust
ArchmageCoat.Ruby.LifeShard.ReusablePart.ForgottenSoul.ArcaneDust
AnkusaJackcoat.Ruby.LifeShard.ReusablePart.ForgottenSoul.ArcaneDust
ValorGauntlets.Ruby.LifeShard.ReusablePart.ForgottenSoul.ArcaneDust
KasugaKote.Ruby.LifeShard.ReusablePart.ForgottenSoul.ArcaneDust
HattoriTekko.Ruby.LifeShard.ReusablePart.ForgottenSoul.ArcaneDust
ArchmageGloves.Ruby.LifeShard.ReusablePart.ForgottenSoul.ArcaneDust
AnkusaGloves.Ruby.LifeShard.ReusablePart.ForgottenSoul.ArcaneDust
Valorcuisses.Ruby.LifeShard.ReusablePart.ForgottenSoul.ArcaneDust
KasugaHaidate.Ruby.LifeShard.ReusablePart.ForgottenSoul.ArcaneDust
HattoriHakama.Ruby.LifeShard.ReusablePart.ForgottenSoul.ArcaneDust
ArchmageTonban.Ruby.LifeShard.ReusablePart.ForgottenSoul.ArcaneDust
AnkusaTrousers.Ruby.LifeShard.ReusablePart.ForgottenSoul.ArcaneDust
ValorSabatons.Ruby.LifeShard.ReusablePart.ForgottenSoul.ArcaneDust
KasugaSune-Ate.Ruby.LifeShard.ReusablePart.ForgottenSoul.ArcaneDust
HattoriKyahan.Ruby.LifeShard.ReusablePart.ForgottenSoul.ArcaneDust
ArchmageSabots.Ruby.LifeShard.ReusablePart.ForgottenSoul.ArcaneDust
AnkusaGaiters.Ruby.LifeShard.ReusablePart.ForgottenSoul.ArcaneDust
ReverenceCoronet.Ruby.LifeShard.ReusablePart.ForgottenSoul.ArcaneDust.Clom'sTale-01.ValorCoronet
WakidoKabuto.Ruby.LifeShard.ReusablePart.ForgottenSoul.ArcaneDust.Clom'sTale-01.KasugaKabuto
KogaHatsuburi.Ruby.LifeShard.ReusablePart.ForgottenSoul.ArcaneDust.Clom'sTale-01.HattoriZukin
Spaekona'sPetasos.Ruby.LifeShard.ReusablePart.ForgottenSoul.ArcaneDust.Clom'sTale-01.ArchmagePetasos
TotemicHelm.Ruby.LifeShard.ReusablePart.ForgottenSoul.ArcaneDust.Clom'sTale-01.AnkusaHelm
ReverenceSurcoat.Ruby.LifeShard.ReusablePart.ForgottenSoul.ArcaneDust.Clom'sTale-02.ValorSurcoat
WakidoDomaru.Ruby.LifeShard.ReusablePart.ForgottenSoul.ArcaneDust.Clom'sTale-02.KasugaDomaru
KogaNingi.Ruby.LifeShard.ReusablePart.ForgottenSoul.ArcaneDust.Clom'sTale-02.HattoriNingi
Spaekona'sCoat.Ruby.LifeShard.ReusablePart.ForgottenSoul.ArcaneDust.Clom'sTale-02.ArchmageCoat
TotemicJackcoat.Ruby.LifeShard.ReusablePart.ForgottenSoul.ArcaneDust.Clom'sTale-02.AnkusaJackcoat
ReverenceCuisses.Ruby.LifeShard.ReusablePart.ForgottenSoul.ArcaneDust.Clom'sTale-03.ValorCuisses
WakidoHaidate.Ruby.LifeShard.ReusablePart.ForgottenSoul.ArcaneDust.Clom'sTale-03.KasugaHaidate
KogaHakama.Ruby.LifeShard.ReusablePart.ForgottenSoul.ArcaneDust.Clom'sTale-03.HattoriHakama
Spaekona'sTonban.Ruby.LifeShard.ReusablePart.ForgottenSoul.ArcaneDust.Clom'sTale-03.ArchmageTonban
TotemicTrousers.Ruby.LifeShard.ReusablePart.ForgottenSoul.ArcaneDust.Clom'sTale-03.AnkusaTrousers
ReverenceSabtons.Ruby.LifeShard.ReusablePart.ForgottenSoul.ArcaneDust.Clom'sTale-04.ValorSabatons
WakidoSune-Ate.Ruby.LifeShard.ReusablePart.ForgottenSoul.ArcaneDust.Clom'sTale-04.KasugaSune-Ate
KogaKyahan.Ruby.LifeShard.ReusablePart.ForgottenSoul.ArcaneDust.Clom'sTale-04.HattoriKyahan
Spaekona'sSabots.Ruby.LifeShard.ReusablePart.ForgottenSoul.ArcaneDust.Clom'sTale-04.ArchmageSabots
TotemicGaiters.Ruby.LifeShard.ReusablePart.ForgottenSoul.ArcaneDust.Clom'sTale-04.AnkusaGaiters
ReverenceGauntlets.Ruby.LifeShard.ReusablePart.ForgottenSoul.ArcaneDust.Clom'sTale-05.ValorGauntlets
WakidoKote.Ruby.LifeShard.ReusablePart.ForgottenSoul.ArcaneDust.Clom'sTale-05.KasugaKote
KogaTekko.Ruby.LifeShard.ReusablePart.ForgottenSoul.ArcaneDust.Clom'sTale-05.HattoriTekko
Spaekona'sGloves.Ruby.LifeShard.ReusablePart.ForgottenSoul.ArcaneDust.Clom'sTale-05.ArchmageGloves
TotemicGloves.Ruby.LifeShard.ReusablePart.ForgottenSoul.ArcaneDust.Clom'sTale-05.AnkusaGloves
Bodyguard'sBlinder.Sapphire.LifeShard.ReusablePart.ForgottenSoul.ArcaneDust.orbcrystal
Bodyguard'sCoat.Sapphire.LifeShard.ReusablePart.ForgottenSoul.ArcaneDust.orbcrystal
Bodyguard'sFingerlessGloves.Sapphire.LifeShard.ReusablePart.ForgottenSoul.ArcaneDust.orbcrystal
Bodyguard'sTrousers.Sapphire.LifeShard.ReusablePart.ForgottenSoul.ArcaneDust.orbcrystal
Bodyguard'sThighboots.Sapphire.LifeShard.ReusablePart.ForgottenSoul.ArcaneDust.orbcrystal
Dancer'sHeaddress.Ruby.LifeShard.ReusablePart.ForgottenSoul.ArcaneDust.orbcrystal
Dancer'sCasaque.Ruby.LifeShard.ReusablePart.ForgottenSoul.ArcaneDust.orbcrystal
Dancer'sArmlets.Ruby.LifeShard.ReusablePart.ForgottenSoul.ArcaneDust.orbcrystal
Dancer'sBottoms.Ruby.LifeShard.ReusablePart.ForgottenSoul.ArcaneDust.orbcrystal
Dancer'sShoes.Ruby.LifeShard.ReusablePart.ForgottenSoul.ArcaneDust.orbcrystal
DensetsuNoYoroi.Diamond.LifeShard.ReusablePart.ForgottenSoul.ArcaneDust.OdinMark.TotemicJackcoat.Spaekona'sCoat.KogaNingi.WakidoDomaru.ReverenceSurcoat