SuperPotion.Sapphire.Potion.X-Potion
Ether.Sapphire.Potion.DustyWing
MegaPotion.Sapphire.BloodyHeart.Potion
Paper.Emerald.AshLog.Hatchet
SilverChain=Ruby.SilverOre
Glass.Ruby.Sand
GodSeal.Diamond.ByakkoSeal.GenbuSeal.SeiryuSeal.SuzuakuSeal
HyruleOrb.Diamond.PendantOfPower.PendantOfWisdom.PendantOfCourage
Shihei.Emerald.Ink.Paper
MirrorShard.Sapphire.Glass.Ectoplasm
JewelOfWieldance=Zircon.StoneOfWieldance
Hourglass-Necklace.Diamond.Ectoplasm.EtherealChain.Hour_Glass
Mugger's-Belt.Thief-Ring.Purple-Belt
VIP-MemberCard.Diamond.DiscontCard.UltraDiscountCard.Paper
Blood-Pendant.Diamond.Blood-Ring.SilverChain.Ectoplasm
Prism-Specs.Diamond.FireGem.WindRock.WaterJewel.IceStone.EarthSphere.Thunder_Orb.Holy_Water
Mimic-Ring.Diamond.MimicCore.Treasure-Ring
Jungle-Medallion.Diamond.GoldOre.JungleThorn.JungleRose
Angon.Ruby.IronOre.AshLog.BrokenLance
SauceAmpulla.Glass.WaterJewel.Slurm
DunceCap.Cloth.Ectoplasm
Dyanmite.Ruby.Red_Fang.Fire_Flower
HolyHandGrenade.Diamond.Holy_Water.Thunder_Orb.Dynamite
PurpleKey.Sapphire.BlueKey.Redkey
GoldKey.Topaz.GoldOre.RedKey
SilverKey.Opal.SilverOre.RedKey
UnkaiArmorPiece.Diamond.HeavyMetalPlate.Titanium_Ore.SoulOfFright
EstoqueurArmorPiece.Ruby.EyeOfTheGolem.SoulOfMight.SoulOfSight.CardinalCloth
SilverSwordParts.Diamond.HeavyMetalPlate.Titanium_Ore.SoulOfSight.SoulOfMight.SoulOfFright.Crimtane_Ore
Blueprints:Genbu'sShield.Diamond.GenbuSeal.QuadavShell
Blueprints:SilverSword.Diamond.SilverSwordParts.Kurogane
Eggnog.Sapphire.SmallEgg.Rum.Milk
EggHelm.Ruby.RustyHelmet.SmallEgg.HardBoiledEgg
ClothRobe.Topaz.TornRobe.Cloth
MageRobe.Topaz.ClothRobe.WindRock
Haubergeon.Ruby.DarksteelMail.IronOre.RepairHammer
DarksteelMail.Ruby.DarksteelOre.RepairHammer.RustyMail
DarksteelHelmet.Ruby.DarksteelOre.RepairHammer.RustyHelmet
DarksteelHose.Ruby.DarksteelOre.RepairHammer.RustyHose
DarksteelBoots.Ruby.DarksteelOre.RepairHammer.RustyBoots
DarksteelGloves.Ruby.DarksteelOre.RepairHammer.RustyGloves
SpikedKnuckles.Ruby.IronOre.TigerFang.RepairHammer.RustyKnuckles
TengokuMail.Ruby.Genbu'sKabuto.Kirin'sOsode.Byakko'sHaidate.Suzaku'sSune-Ate.Seiryu'sKote.KirinSeal
WarlockChapeau+1.Ruby.AncientBeastcoin.CardinalCloth.WarlockChapeau
WarlockChapeau+2.Ruby.AncientBeastcoin.CardinalCloth.WarlockChapeau+1
WarlockTabard+1.Ruby.AncientBeastcoin.CardinalCloth.WarlockTabard
WarlockTabard+2.Ruby.AncientBeastcoin.CardinalCloth.WarlockTabard+1
WarlockGloves+1.Ruby.AncientBeastCoin.CardinalCloth.WarlockGloves
WarlockGloves+2.Ruby.AncientBeastCoin.CardinalCloth.WarlockGloves+1
WarlockTights+1.Ruby.AncientBeastcoin.CardinalCloth.WarlockTights
WarlockTights+2.Ruby.AncientBeastcoin.CardinalCloth.WarlockTights+1
WarlockBoots+1.Ruby.AncientBeastcoin.CardinalCloth.WarlockBoots
WarlockBoots+2.Ruby.AncientBeastcoin.CardinalCloth.WarlockBoots+1
EstoqueurChappel.Ruby.EstoqeurArmorPiece.EstoqueurSeal
EstoqueurSayon.Ruby.EstoqeurArmorPiece.EstoqueurSeal
EstoqueurFuseau.Ruby.EstoqeurArmorPiece.EstoqueurSeal
EstoqueurHouseaux.Ruby.EstoqeurArmorPiece.EstoqueurSeal
EstoqueurGantherots.Ruby.EstoqeurArmorPiece.EstoqueurSeal
EstoqueurChappel+1.Ruby.JewelOfArdor.JewelOfWieldance.EstoqueurChappel
EstoqueurChappel+2.Ruby.JewelOfArdor.JewelOfWieldance.EstoqueurChappel+1
EstoqueurSayon+1.Ruby.JewelOfArdor.JewelOfWieldance.EstoqueurSayon
EstoqueurSayon+2.Ruby.JewelOfArdor.JewelOfWieldance.EstoqueurSayon+1
EstoqueurFuseau+1.Ruby.JewelOfArdor.JewelOfWieldance.EstoqueurFuseau
EstoqueurFuseau+2.Ruby.JewelOfArdor.JewelOfWieldance.EstoqueurFuseau+1
EstoqueurHouseaux+1.Ruby.JewelOfArdor.JewelOfWieldance.EstoqueurHouseaux
EstoqueurHouseaux+2.Ruby.JewelOfArdor.JewelOfWieldance.EstoqueurHouseaux+1
EstoqueurGantherots+1.Ruby.JewelOfArdor.JewelOfWieldance.EstoqueurGantherots
EstoqueurGantherots+2.Ruby.JewelOfArdor.JewelOfWieldance.EstoqueurGantherots+1
UnkaiKabuto.Zircon.UnkaiArmorPiece.UnkaiSeal
UnkaiDomaru.Zircon.UnkaiArmorPiece.UnkaiSeal
UnkaiKote.Zircon.UnkaiArmorPiece.UnkaiSeal
UnkaiHaidate.Zircon.UnkaiArmorPiece.UnkaiSeal
UnkaiSune-Ate.Zircon.UnkaiArmorPiece.UnkaiSeal
UnkaiKabuto+1.Zircon.JewelOfArdor.JewelOfWieldance.UnkaiKabuto
UnkaiKabuto+2.Zircon.JewelOfArdor.JewelOfWieldance.UnkaiKabuto+1
UnkaiDomaru+1.Zircon.JewelOfArdor.JewelOfWieldance.UnkaiDomaru
UnkaiDomaru+2.Zircon.JewelOfArdor.JewelOfWieldance.UnkaiDomaru+1
UnkaiKote+1.Zircon.JewelOfArdor.JewelOfWieldance.UnkaiKote
UnkaiKote+2.Zircon.JewelOfArdor.JewelOfWieldance.UnkaiKote+1
UnkaiHaidate+1.Zircon.JewelOfArdor.JewelOfWieldance.UnkaiHaidate
UnkaiHaidate+2.Zircon.JewelOfArdor.JewelOfWieldance.UnkaiHaidate+1
UnkaiSune-Ate+1.Zircon.JewelOfArdor.JewelOfWieldance.UnkaiSune-Ate
UnkaiSune-Ate+2.Zircon.JewelOfArdor.JewelOfWieldance.UnkaiSune-Ate+1
CreedArmet+1.Diamond.SnowyCerment.CoinOfBalance.CreedArmet
CreedArmet+2.Diamond.SnowyCerment.CoinOfBalance.CreedArmet+1
CreedCuisses+1.Diamond.SnowyCerment.CoinOfBalance.CreedCuisses
CreedCuisses+2.Diamond.SnowyCerment.CoinOfBalance.CreedCuisses+2
CreedCuirass+1.Diamond.SnowyCerment.CoinOfBalance.CreedCuirass
CreedCuirass+2.Diamond.SnowyCerment.CoinOfBalance.CreedCuirass+1
CreedGauntlets+1.Diamond.SnowyCerment.CoinOfBalance.CreedGauntlets
CreedGauntlets+2.Diamond.SnowyCerment.CoinOfBalance.CreedGauntlets+1
CreedSabatons+1.Diamond.SnowyCerment.CoinOfBalance.CreedSabatons
CreedSabatons+2.Diamond.SnowyCerment.CoinOfBalance.CreedSabatons+1
TantraCrown+1.Topaz.UtopianGoldThread.CoinOfBalance.TantraCrown
TantraCrown+2.Topaz.UtopianGoldThread.CoinOfBalance.TantraCrown+1
TantraCyclas+1.Topaz.UtopianGoldThread.CoinOfBalance.TantraCyclas
TantraCyclas+2.Topaz.UtopianGoldThread.CoinOfBalance.TantraCyclas+1
TantraHose+1.Topaz.UtopianGoldThread.CoinOfBalance.TantraHose
TantraHose+2.Topaz.UtopianGoldThread.CoinOfBalance.TantraHose+2
TantraGaiters+1.Topaz.UtopianGoldThread.CoinOfBalance.TantraGaiters
TantraGaiters+2.Topaz.UtopianGoldThread.CoinOfBalance.TantraGaiters+2
TantraGloves+1.Topaz.UtopianGoldThread.CoinOfBalance.TantraGloves
TantraGloves+2.Topaz.UtopianGoldThread.CoinOfBalance.TantraGloves+1
WizardPetasos+1.Onyx.DiabolicSilk.CoinOfBalance.WizardPetasos
WizardPetasos+2.Onyx.DiabolicSilk.CoinOfBalance.WizardPetasos+1
WizardCoat+1.Onyx.DiabolicSilk.CoinOfBalance.WizardCoat
WizardCoat+2.Onyx.DiabolicSilk.CoinOfBalance.WizardCoat+1
WizardTonban+1.Onyx.DiabolicSilk.CoinOfBalance.WizardTonban
WizardTonban+2.Onyx.DiabolicSilk.CoinOfBalance.WizardTonban+1
WizardSabots+1.Onyx.DiabolicSilk.CoinOfBalance.WizardSabots
WizardSabots+2.Onyx.DiabolicSilk.CoinOfBalance.WizardSabots+1
WizardGloves+1.Onyx.DiabolicSilk.CoinOfBalance.WizardGloves
WizardGloves+2.Onyx.DiabolicSilk.CoinOfBalance.WizardGloves+1
HealerCap+1.Opal.BenedictSilk.CoinOfBalance.HealerCap
HealerCap+2.Opal.BenedictSilk.CoinOfBalance.HealerCap+1
HealerBriault+1.Opal.BenedictSilk.CoinOfBalance.HealerBriault
HealerBriault+2.Opal.BenedictSilk.CoinOfBalance.HealerBriault+1
HealerPantaloons+1.Opal.BenedictSilk.CoinOfBalance.HealerPantaloons
HealerPantaloons+2.Opal.BenedictSilk.CoinOfBalance.HealerPantaloons+1
HealerDuckbills+1.Opal.BenedictSilk.CoinOfBalance.HealerDuckbills
HealerDuckbills+2.Opal.BenedictSilk.CoinOfBalance.HealerDuckbills+1
HealerMitts+1.Opal.BenedictSilk.CoinOfBalance.HealerMitts
HealerMitts+2.Opal.BenedictSilk.CoinOfBalance.HealerMitts+1
ScoutBeret+1.Emerald.ChameleonYarn.CoinOfBalance.ScoutBeret
ScoutBeret+2.Emerald.ChameleonYarn.CoinOfBalance.ScoutBeret+1
ScoutJerkin+1.Emerald.ChameleonYarn.CoinOfBalance.ScoutJerkin
ScoutJerkin+2.Emerald.ChameleonYarn.CoinOfBalance.ScoutJerkin+1
ScoutBraccae+1.Emerald.ChameleonYarn.CoinOfBalance.ScoutBraccae
ScoutBraccae+2.Emerald.ChameleonYarn.CoinOfBalance.ScoutBraccae+1
ScoutBoots+1.Emerald.ChameleonYarn.CoinOfBalance.ScoutBoots
ScoutBoots+2.Emerald.ChameleonYarn.CoinOfBalance.ScoutBoots+1
ScoutBracers+1.Emerald.ChameleonYarn.CoinOfBalance.ScoutBracers
ScoutBracers+2.Emerald.ChameleonYarn.CoinOfBalance.ScoutBracers+1
SummonerHorn+1.Sapphire.GlitteringYarn.CoinOfBalance.SummonerHorn
SummonerHorn+2.Sapphire.GlitteringYarn.CoinOfBalance.SummonerHorn+1
SummonerDoublet+1.Sapphire.GlitteringYarn.CoinOfBalance.SummonerDoublet
SummonerDoublet+2.Sapphire.GlitteringYarn.CoinOfBalance.SummonerDoublet+1
SummonerSpats+1.Sapphire.GlitteringYarn.CoinOfBalance.SummonerSpats
SummonerSpats+2.Sapphire.GlitteringYarn.CoinOfBalance.SummonerSpats+1
SummonerPigaches+1.Sapphire.GlitteringYarn.CoinOfBalance.SummonerPigaches
SummonerPigaches+2.Sapphire.GlitteringYarn.CoinOfBalance.SummonerPigaches+1
SummonerBracers+1.Sapphire.GlitteringYarn.CoinOfBalance.SummonerBracers
SummonerBracers+2.Sapphire.GlitteringYarn.CoinOfBalance.SummonerBracers+1
AtlantianRobe.Diamond.AtlantianThreadSpool.JewelOfArdor.JewelOfWieldance.EstoqueurSayon+2
AtlantianMail.Diamond.AtlantianThreadSpool.JewelOfArdor.JewelOfWieldance.UnkaiDomaru+2